error: the visibility of this type should be `pub`
 --> $DIR/02-not-public.rs:5:1
  |
5 | / struct MyStruct {
6 | |     i: i128,
7 | | }
  | |_^
