error: no constructor found for this contract
  --> $DIR/02-missing-constructor.rs:4:1
   |
4  | / mod noop {
5  | |     #[liquid(storage)]
6  | |     struct Noop {}
7  | |
...  |
11 | |     }
12 | | }
   | |_^
