error: contract needs at least one external function
  --> $DIR/04-missing-external.rs:4:1
   |
4  | / mod noop {
5  | |     #[liquid(storage)]
6  | |     struct Noop {}
7  | |
...  |
11 | |     }
12 | | }
   | |_^
