error: `&mut self` is mandatory first parameter for constructor of contract
  --> $DIR/06-constructor-no-mut-ref.rs:10:20
   |
10 |         pub fn new(&self) {}
   |                    ^^^^^
