error: `unsafe` is not supported for methods in contract
  --> $DIR/11-unsafe-function.rs:12:13
   |
12 |         pub unsafe fn noop(&self) {}
   |             ^^^^^^
