error: `const` is not supported for methods in contract
  --> $DIR/12-const-function.rs:12:13
   |
12 |         pub const fn noop(&self) {}
   |             ^^^^^
