error: the number of output arguments should not exceed 16
  --> $DIR/19-too-many-outputs.rs:16:11
   |
16 |           ) -> (
   |  ___________^
17 | |             u8,
18 | |             u8,
19 | |             u8,
...  |
33 | |             u8,
34 | |         ) {
   | |_________^
