error: interface module must have exactly one `extern` block
  --> $DIR/39-too-many-extern-in-interface.rs:9:5
   |
9  | /     extern "liquid" {
10 | |         fn baz(&self);
11 | |     }
   | |_____^
