error: `&self` or `&mut self` is mandatory first parameter for all contract methods
 --> $DIR/45-no-receiver-in-interface.rs:6:9
  |
6 |         fn bar() -> u8;
  |         ^^^^^^^^^^^^^^
