error: this contract has no signers
 --> $DIR/01-no-signers.rs:5:5
  |
5 | /     #[liquid(contract)]
6 | |     pub struct Noop {
7 | |         addr: Address
8 | |     }
  | |_____^
